feature@org.eclipse.osee.client.feature=SVN,trunk,https://dev.eclipse.org/svnroot/technology/org.eclipse.osee,,org.eclipse.osee.client.feature

feature@org.eclipse.osee.framework.feature=SVN,trunk,https://dev.eclipse.org/svnroot/technology/org.eclipse.osee,,org.eclipse.osee.framework.feature
plugin@net.jini=SVN,trunk,https://dev.eclipse.org/svnroot/technology/org.eclipse.osee,,net.jini
plugin@org.eclipse.osee.framework.derby=SVN,trunk,https://dev.eclipse.org/svnroot/technology/org.eclipse.osee,,org.eclipse.osee.framework.derby
plugin@org.eclipse.osee.framework.core=SVN,trunk,https://dev.eclipse.org/svnroot/technology/org.eclipse.osee,,org.eclipse.osee.framework.core
plugin@org.eclipse.osee.framework.core.client=SVN,trunk,https://dev.eclipse.org/svnroot/technology/org.eclipse.osee,,org.eclipse.osee.framework.core.client
plugin@org.eclipse.osee.framework.database=SVN,trunk,https://dev.eclipse.org/svnroot/technology/org.eclipse.osee,,org.eclipse.osee.framework.database
plugin@org.eclipse.osee.framework.jdbcodbc=SVN,trunk,https://dev.eclipse.org/svnroot/technology/org.eclipse.osee,,org.eclipse.osee.framework.jdbcodbc
plugin@org.eclipse.osee.framework.jdk.core=SVN,trunk,https://dev.eclipse.org/svnroot/technology/org.eclipse.osee,,org.eclipse.osee.framework.jdk.core
plugin@org.eclipse.osee.framework.jini=SVN,trunk,https://dev.eclipse.org/svnroot/technology/org.eclipse.osee,,org.eclipse.osee.framework.jini
plugin@org.eclipse.osee.framework.logging=SVN,trunk,https://dev.eclipse.org/svnroot/technology/org.eclipse.osee,,org.eclipse.osee.framework.logging
plugin@org.eclipse.osee.framework.messaging=SVN,trunk,https://dev.eclipse.org/svnroot/technology/org.eclipse.osee,,org.eclipse.osee.framework.messaging
plugin@org.eclipse.osee.framework.messaging.event.skynet=SVN,trunk,https://dev.eclipse.org/svnroot/technology/org.eclipse.osee,,org.eclipse.osee.framework.messaging.event.skynet
plugin@org.eclipse.osee.framework.plugin.core=SVN,trunk,https://dev.eclipse.org/svnroot/technology/org.eclipse.osee,,org.eclipse.osee.framework.plugin.core
plugin@org.eclipse.osee.framework.skynet.core=SVN,trunk,https://dev.eclipse.org/svnroot/technology/org.eclipse.osee,,org.eclipse.osee.framework.skynet.core
plugin@org.eclipse.osee.framework.svn=SVN,trunk,https://dev.eclipse.org/svnroot/technology/org.eclipse.osee,,org.eclipse.osee.framework.svn
plugin@org.eclipse.osee.framework.templates=SVN,trunk,https://dev.eclipse.org/svnroot/technology/org.eclipse.osee,,org.eclipse.osee.framework.templates
plugin@org.eclipse.osee.framework.updater=SVN,trunk,https://dev.eclipse.org/svnroot/technology/org.eclipse.osee,,org.eclipse.osee.framework.updater
plugin@org.eclipse.osee.framework.database.init=SVN,trunk,https://dev.eclipse.org/svnroot/technology/org.eclipse.osee,,org.eclipse.osee.framework.database.init
plugin@org.eclipse.osee.framework.types=SVN,trunk,https://dev.eclipse.org/svnroot/technology/org.eclipse.osee,,org.eclipse.osee.framework.types
plugin@org.eclipse.osee.framework.types.edit=SVN,trunk,https://dev.eclipse.org/svnroot/technology/org.eclipse.osee,,org.eclipse.osee.framework.types.edit

feature@org.eclipse.osee.framework.ui.feature=SVN,trunk,https://dev.eclipse.org/svnroot/technology/org.eclipse.osee,,org.eclipse.osee.framework.ui.feature
plugin@org.eclipse.nebula.widgets.xviewer=SVN,trunk,https://dev.eclipse.org/svnroot/technology/org.eclipse.osee,,org.eclipse.nebula.widgets.xviewer
plugin@org.eclipse.osee.framework.ui.admin=SVN,trunk,https://dev.eclipse.org/svnroot/technology/org.eclipse.osee,,org.eclipse.osee.framework.ui.admin
plugin@org.eclipse.osee.framework.ui.branch.graph=SVN,trunk,https://dev.eclipse.org/svnroot/technology/org.eclipse.osee,,org.eclipse.osee.framework.ui.branch.graph
plugin@org.eclipse.osee.framework.ui.data.model.editor=SVN,trunk,https://dev.eclipse.org/svnroot/technology/org.eclipse.osee,,org.eclipse.osee.framework.ui.data.model.editor
plugin@org.eclipse.osee.framework.ui.jdk=SVN,trunk,https://dev.eclipse.org/svnroot/technology/org.eclipse.osee,,org.eclipse.osee.framework.ui.jdk
plugin@org.eclipse.osee.framework.ui.plugin=SVN,trunk,https://dev.eclipse.org/svnroot/technology/org.eclipse.osee,,org.eclipse.osee.framework.ui.plugin
plugin@org.eclipse.osee.framework.ui.product=SVN,trunk,https://dev.eclipse.org/svnroot/technology/org.eclipse.osee,,org.eclipse.osee.framework.ui.product
plugin@org.eclipse.osee.framework.ui.service.control=SVN,trunk,https://dev.eclipse.org/svnroot/technology/org.eclipse.osee,,org.eclipse.osee.framework.ui.service.control
plugin@org.eclipse.osee.framework.ui.skynet=SVN,trunk,https://dev.eclipse.org/svnroot/technology/org.eclipse.osee,,org.eclipse.osee.framework.ui.skynet
plugin@org.eclipse.osee.framework.ui.swt=SVN,trunk,https://dev.eclipse.org/svnroot/technology/org.eclipse.osee,,org.eclipse.osee.framework.ui.swt
plugin@org.eclipse.osee.framework.ui.workspacebundleloader=SVN,trunk,https://dev.eclipse.org/svnroot/technology/org.eclipse.osee,,org.eclipse.osee.framework.ui.workspacebundleloader
plugin@org.eclipse.osee.framework.help.ui=SVN,trunk,https://dev.eclipse.org/svnroot/technology/org.eclipse.osee,,org.eclipse.osee.framework.help.ui
plugin@org.eclipse.osee.framework.dev.help.ui=SVN,trunk,https://dev.eclipse.org/svnroot/technology/org.eclipse.osee,,org.eclipse.osee.framework.dev.help.ui
plugin@org.eclipse.osee.framework.types.bridge=SVN,trunk,https://dev.eclipse.org/svnroot/technology/org.eclipse.osee,,org.eclipse.osee.framework.types.bridge
plugin@org.eclipse.osee.framework.types.generator=SVN,trunk,https://dev.eclipse.org/svnroot/technology/org.eclipse.osee,,org.eclipse.osee.framework.types.generator
plugin@org.eclipse.osee.framework.types.ui=SVN,trunk,https://dev.eclipse.org/svnroot/technology/org.eclipse.osee,,org.eclipse.osee.framework.types.ui

feature@org.eclipse.osee.define.feature=SVN,trunk,https://dev.eclipse.org/svnroot/technology/org.eclipse.osee,,org.eclipse.osee.define.feature
plugin@org.eclipse.osee.define=SVN,trunk,https://dev.eclipse.org/svnroot/technology/org.eclipse.osee,,org.eclipse.osee.define
plugin@org.eclipse.osee.define.help.ui=SVN,trunk,https://dev.eclipse.org/svnroot/technology/org.eclipse.osee,,org.eclipse.osee.define.help.ui
plugin@org.eclipse.osee.coverage=SVN,trunk,https://dev.eclipse.org/svnroot/technology/org.eclipse.osee,,org.eclipse.osee.coverage

feature@org.eclipse.osee.ats.feature=SVN,trunk,https://dev.eclipse.org/svnroot/technology/org.eclipse.osee,,org.eclipse.osee.ats.feature
plugin@org.eclipse.osee.ats=SVN,trunk,https://dev.eclipse.org/svnroot/technology/org.eclipse.osee,,org.eclipse.osee.ats
plugin@org.eclipse.osee.ats.help.ui=SVN,trunk,https://dev.eclipse.org/svnroot/technology/org.eclipse.osee,,org.eclipse.osee.ats.help.ui

feature@org.eclipse.osee.demo.feature=SVN,trunk,https://dev.eclipse.org/svnroot/technology/org.eclipse.osee,,org.eclipse.osee.demo.feature
plugin@org.eclipse.osee.ats.config.demo=SVN,trunk,https://dev.eclipse.org/svnroot/technology/org.eclipse.osee,,org.eclipse.osee.ats.config.demo
plugin@org.eclipse.osee.demo.db.connection=SVN,trunk,https://dev.eclipse.org/svnroot/technology/org.eclipse.osee,,org.eclipse.osee.demo.db.connection
plugin@org.eclipse.osee.support.test.util=SVN,trunk,https://dev.eclipse.org/svnroot/technology/org.eclipse.osee,,org.eclipse.osee.support.test.util

feature@org.eclipse.osee.ote.feature=SVN,trunk,https://dev.eclipse.org/svnroot/technology/org.eclipse.osee,,org.eclipse.osee.ote.feature
plugin@org.eclipse.osee.ote.client=SVN,trunk,https://dev.eclipse.org/svnroot/technology/org.eclipse.osee,,org.eclipse.osee.ote.client
plugin@org.eclipse.osee.ote.client.msg=SVN,trunk,https://dev.eclipse.org/svnroot/technology/org.eclipse.osee,,org.eclipse.osee.ote.client.msg
plugin@org.eclipse.osee.ote.connection.jini=SVN,trunk,https://dev.eclipse.org/svnroot/technology/org.eclipse.osee,,org.eclipse.osee.ote.connection.jini
plugin@org.eclipse.osee.ote.connection.service=SVN,trunk,https://dev.eclipse.org/svnroot/technology/org.eclipse.osee,,org.eclipse.osee.ote.connection.service
plugin@org.eclipse.osee.ote.core=SVN,trunk,https://dev.eclipse.org/svnroot/technology/org.eclipse.osee,,org.eclipse.osee.ote.core
plugin@org.eclipse.osee.ote.define=SVN,trunk,https://dev.eclipse.org/svnroot/technology/org.eclipse.osee,,org.eclipse.osee.ote.define
plugin@org.eclipse.osee.ote.message=SVN,trunk,https://dev.eclipse.org/svnroot/technology/org.eclipse.osee,,org.eclipse.osee.ote.message
plugin@org.eclipse.osee.ote.messaging.dds=SVN,trunk,https://dev.eclipse.org/svnroot/technology/org.eclipse.osee,,org.eclipse.osee.ote.messaging.dds
plugin@org.eclipse.osee.ote.runtimeManager=SVN,trunk,https://dev.eclipse.org/svnroot/technology/org.eclipse.osee,,org.eclipse.osee.ote.runtimeManager
plugin@org.eclipse.osee.ote.ui=SVN,trunk,https://dev.eclipse.org/svnroot/technology/org.eclipse.osee,,org.eclipse.osee.ote.ui
plugin@org.eclipse.osee.ote.ui.define=SVN,trunk,https://dev.eclipse.org/svnroot/technology/org.eclipse.osee,,org.eclipse.osee.ote.ui.define
plugin@org.eclipse.osee.ote.ui.host.cmd=SVN,trunk,https://dev.eclipse.org/svnroot/technology/org.eclipse.osee,,org.eclipse.osee.ote.ui.host.cmd
plugin@org.eclipse.osee.ote.ui.markers=SVN,trunk,https://dev.eclipse.org/svnroot/technology/org.eclipse.osee,,org.eclipse.osee.ote.ui.markers
plugin@org.eclipse.osee.ote.ui.mux=SVN,trunk,https://dev.eclipse.org/svnroot/technology/org.eclipse.osee,,org.eclipse.osee.ote.ui.mux
plugin@org.eclipse.osee.ote.ui.test.manager=SVN,trunk,https://dev.eclipse.org/svnroot/technology/org.eclipse.osee,,org.eclipse.osee.ote.ui.test.manager

feature@org.eclipse.osee.external.feature=SVN,trunk,https://dev.eclipse.org/svnroot/technology/org.eclipse.osee,,org.eclipse.osee.external.feature
