feature@org.eclipse.osee.client.feature=SVN,trunk,https://dev.eclipse.org/svnroot/technology/org.eclipse.osee,,features/org.eclipse.osee.client.feature

feature@org.eclipse.osee.framework.feature=SVN,trunk,https://dev.eclipse.org/svnroot/technology/org.eclipse.osee,,features/org.eclipse.osee.framework.feature
plugin@org.eclipse.osee.framework.core.client=SVN,trunk,https://dev.eclipse.org/svnroot/technology/org.eclipse.osee,,plugins/org.eclipse.osee.framework.core.client
plugin@org.eclipse.osee.framework.database=SVN,trunk,https://dev.eclipse.org/svnroot/technology/org.eclipse.osee,,plugins/org.eclipse.osee.framework.database
plugin@org.eclipse.osee.framework.database.init=SVN,trunk,https://dev.eclipse.org/svnroot/technology/org.eclipse.osee,,plugins/org.eclipse.osee.framework.database.init
plugin@org.eclipse.osee.framework.derby=SVN,trunk,https://dev.eclipse.org/svnroot/technology/org.eclipse.osee,,plugins/org.eclipse.osee.framework.derby
plugin@org.eclipse.osee.framework.jdbcodbc=SVN,trunk,https://dev.eclipse.org/svnroot/technology/org.eclipse.osee,,plugins/org.eclipse.osee.framework.jdbcodbc
plugin@org.eclipse.osee.framework.messaging.event.skynet=SVN,trunk,https://dev.eclipse.org/svnroot/technology/org.eclipse.osee,,plugins/org.eclipse.osee.framework.messaging.event.skynet
plugin@org.eclipse.osee.framework.skynet.core=SVN,trunk,https://dev.eclipse.org/svnroot/technology/org.eclipse.osee,,plugins/org.eclipse.osee.framework.skynet.core
plugin@org.eclipse.osee.framework.templates=SVN,trunk,https://dev.eclipse.org/svnroot/technology/org.eclipse.osee,,plugins/org.eclipse.osee.framework.templates
plugin@org.eclipse.osee.framework.types=SVN,trunk,https://dev.eclipse.org/svnroot/technology/org.eclipse.osee,,plugins/org.eclipse.osee.framework.types
plugin@org.eclipse.osee.framework.types.edit=SVN,trunk,https://dev.eclipse.org/svnroot/technology/org.eclipse.osee,,plugins/org.eclipse.osee.framework.types.edit
plugin@org.eclipse.osee.ote.define=SVN,trunk,https://dev.eclipse.org/svnroot/technology/org.eclipse.osee,,plugins/org.eclipse.osee.ote.define

feature@org.eclipse.osee.framework.ui.feature=SVN,trunk,https://dev.eclipse.org/svnroot/technology/org.eclipse.osee,,features/org.eclipse.osee.framework.ui.feature
plugin@org.eclipse.osee.framework.dev.help.ui=SVN,trunk,https://dev.eclipse.org/svnroot/technology/org.eclipse.osee,,plugins/org.eclipse.osee.framework.dev.help.ui
plugin@org.eclipse.osee.framework.help.ui=SVN,trunk,https://dev.eclipse.org/svnroot/technology/org.eclipse.osee,,plugins/org.eclipse.osee.framework.help.ui
plugin@org.eclipse.osee.framework.types.bridge=SVN,trunk,https://dev.eclipse.org/svnroot/technology/org.eclipse.osee,,plugins/org.eclipse.osee.framework.types.bridge
plugin@org.eclipse.osee.framework.types.generator=SVN,trunk,https://dev.eclipse.org/svnroot/technology/org.eclipse.osee,,plugins/org.eclipse.osee.framework.types.generator
plugin@org.eclipse.osee.framework.types.ui=SVN,trunk,https://dev.eclipse.org/svnroot/technology/org.eclipse.osee,,plugins/org.eclipse.osee.framework.types.ui
plugin@org.eclipse.osee.framework.ui.admin=SVN,trunk,https://dev.eclipse.org/svnroot/technology/org.eclipse.osee,,plugins/org.eclipse.osee.framework.ui.admin
plugin@org.eclipse.osee.framework.ui.branch.graph=SVN,trunk,https://dev.eclipse.org/svnroot/technology/org.eclipse.osee,,plugins/org.eclipse.osee.framework.ui.branch.graph
plugin@org.eclipse.osee.framework.ui.data.model.editor=SVN,trunk,https://dev.eclipse.org/svnroot/technology/org.eclipse.osee,,plugins/org.eclipse.osee.framework.ui.data.model.editor
plugin@org.eclipse.osee.framework.ui.product=SVN,trunk,https://dev.eclipse.org/svnroot/technology/org.eclipse.osee,,plugins/org.eclipse.osee.framework.ui.product
plugin@org.eclipse.osee.framework.ui.skynet=SVN,trunk,https://dev.eclipse.org/svnroot/technology/org.eclipse.osee,,plugins/org.eclipse.osee.framework.ui.skynet
plugin@org.eclipse.osee.ote.ui.define=SVN,trunk,https://dev.eclipse.org/svnroot/technology/org.eclipse.osee,,plugins/org.eclipse.osee.ote.ui.define

feature@org.eclipse.osee.define.feature=SVN,trunk,https://dev.eclipse.org/svnroot/technology/org.eclipse.osee,,features/org.eclipse.osee.define.feature
plugin@org.eclipse.osee.coverage=SVN,trunk,https://dev.eclipse.org/svnroot/technology/org.eclipse.osee,,plugins/org.eclipse.osee.coverage
plugin@org.eclipse.osee.define=SVN,trunk,https://dev.eclipse.org/svnroot/technology/org.eclipse.osee,,plugins/org.eclipse.osee.define
plugin@org.eclipse.osee.define.help.ui=SVN,trunk,https://dev.eclipse.org/svnroot/technology/org.eclipse.osee,,plugins/org.eclipse.osee.define.help.ui

feature@org.eclipse.osee.ats.feature=SVN,trunk,https://dev.eclipse.org/svnroot/technology/org.eclipse.osee,,features/org.eclipse.osee.ats.feature
plugin@org.eclipse.osee.ats=SVN,trunk,https://dev.eclipse.org/svnroot/technology/org.eclipse.osee,,plugins/org.eclipse.osee.ats
plugin@org.eclipse.osee.ats.help.ui=SVN,trunk,https://dev.eclipse.org/svnroot/technology/org.eclipse.osee,,plugins/org.eclipse.osee.ats.help.ui

feature@org.eclipse.osee.demo.feature=SVN,trunk,https://dev.eclipse.org/svnroot/technology/org.eclipse.osee,,features/org.eclipse.osee.demo.feature
plugin@org.eclipse.osee.ats.config.demo=SVN,trunk,https://dev.eclipse.org/svnroot/technology/org.eclipse.osee,,plugins/org.eclipse.osee.ats.config.demo
plugin@org.eclipse.osee.support.test.util=SVN,trunk,https://dev.eclipse.org/svnroot/technology/org.eclipse.osee,,plugins/org.eclipse.osee.support.test.util
