feature@org.eclipse.osee.client.feature=SVN,url=https://dev.eclipse.org/svnroot/technology/org.eclipse.osee,tag=trunk,path=org.eclipse.osee.client.feature

feature@org.eclipse.osee.framework.server.feature=SVN,url=https://dev.eclipse.org/svnroot/technology/org.eclipse.osee,tag=trunk,path=org.eclipse.osee.framework.server.feature
plugin@org.eclipse.osee.framework.branch.management=SVN,url=https://dev.eclipse.org/svnroot/technology/org.eclipse.osee,tag=trunk,path=org.eclipse.osee.framework.branch.management
plugin@org.eclipse.osee.framework.core=SVN,url=https://dev.eclipse.org/svnroot/technology/org.eclipse.osee,tag=trunk,path=org.eclipse.osee.framework.core
plugin@org.eclipse.osee.framework.resource.locator.attribute=SVN,url=https://dev.eclipse.org/svnroot/technology/org.eclipse.osee,tag=trunk,path=org.eclipse.osee.framework.resource.locator.attribute
plugin@org.eclipse.osee.framework.resource.management=SVN,url=https://dev.eclipse.org/svnroot/technology/org.eclipse.osee,tag=trunk,path=org.eclipse.osee.framework.resource.management
plugin@org.eclipse.osee.framework.resource.provider.attribute=SVN,url=https://dev.eclipse.org/svnroot/technology/org.eclipse.osee,tag=trunk,path=org.eclipse.osee.framework.resource.provider.attribute
plugin@org.eclipse.osee.framework.search.engine=SVN,url=https://dev.eclipse.org/svnroot/technology/org.eclipse.osee,tag=trunk,path=org.eclipse.osee.framework.search.engine
plugin@org.eclipse.osee.framework.server.admin=SVN,url=https://dev.eclipse.org/svnroot/technology/org.eclipse.osee,tag=trunk,path=org.eclipse.osee.framework.server.admin
plugin@org.eclipse.osee.framework.core.server=SVN,url=https://dev.eclipse.org/svnroot/technology/org.eclipse.osee,tag=trunk,path=org.eclipse.osee.framework.core.server
plugin@org.eclipse.osee.framework.jdk.core=SVN,url=https://dev.eclipse.org/svnroot/technology/org.eclipse.osee,tag=trunk,path=org.eclipse.osee.framework.jdk.core
plugin@org.eclipse.osee.framework.logging=SVN,url=https://dev.eclipse.org/svnroot/technology/org.eclipse.osee,tag=trunk,path=org.eclipse.osee.framework.logging
plugin@org.eclipse.osee.framework.manager.servlet=SVN,url=https://dev.eclipse.org/svnroot/technology/org.eclipse.osee,tag=trunk,path=org.eclipse.osee.framework.manager.servlet

feature@org.eclipse.osee.master.feature=SVN,url=https://dev.eclipse.org/svnroot/technology/org.eclipse.osee,tag=trunk,path=org.eclipse.osee.master.feature
feature@org.eclipse.osee.framework.server.external.feature=SVN,url=https://dev.eclipse.org/svnroot/technology/org.eclipse.osee,tag=trunk,path=org.eclipse.osee.framework.server.external.feature
feature@org.eclipse.osee.external.feature=SVN,url=https://dev.eclipse.org/svnroot/technology/org.eclipse.osee,tag=trunk,path=org.eclipse.osee.external.feature

feature@org.eclipse.osee.framework.feature=SVN,url=https://dev.eclipse.org/svnroot/technology/org.eclipse.osee,tag=trunk,path=org.eclipse.osee.framework.feature
plugin@net.jini=SVN,url=https://dev.eclipse.org/svnroot/technology/org.eclipse.osee,tag=trunk,path=net.jini

plugin@org.eclipse.osee.framework.derby=SVN,url=https://dev.eclipse.org/svnroot/technology/org.eclipse.osee,tag=trunk,path=org.eclipse.osee.framework.derby
plugin@org.eclipse.osee.framework.core=SVN,url=https://dev.eclipse.org/svnroot/technology/org.eclipse.osee,tag=trunk,path=org.eclipse.osee.framework.core
plugin@org.eclipse.osee.framework.core.client=SVN,url=https://dev.eclipse.org/svnroot/technology/org.eclipse.osee,tag=trunk,path=org.eclipse.osee.framework.core.client
plugin@org.eclipse.osee.framework.core.server=SVN,url=https://dev.eclipse.org/svnroot/technology/org.eclipse.osee,tag=trunk,path=org.eclipse.osee.framework.core.server
plugin@org.eclipse.osee.framework.database=SVN,url=https://dev.eclipse.org/svnroot/technology/org.eclipse.osee,tag=trunk,path=org.eclipse.osee.framework.database
plugin@org.eclipse.osee.framework.jdbcodbc=SVN,url=https://dev.eclipse.org/svnroot/technology/org.eclipse.osee,tag=trunk,path=org.eclipse.osee.framework.jdbcodbc
plugin@org.eclipse.osee.framework.jdk.core=SVN,url=https://dev.eclipse.org/svnroot/technology/org.eclipse.osee,tag=trunk,path=org.eclipse.osee.framework.jdk.core
plugin@org.eclipse.osee.framework.jini=SVN,url=https://dev.eclipse.org/svnroot/technology/org.eclipse.osee,tag=trunk,path=org.eclipse.osee.framework.jini
plugin@org.eclipse.osee.framework.logging=SVN,url=https://dev.eclipse.org/svnroot/technology/org.eclipse.osee,tag=trunk,path=org.eclipse.osee.framework.logging
plugin@org.eclipse.osee.framework.messaging=SVN,url=https://dev.eclipse.org/svnroot/technology/org.eclipse.osee,tag=trunk,path=org.eclipse.osee.framework.messaging
plugin@org.eclipse.osee.framework.messaging.event.skynet=SVN,url=https://dev.eclipse.org/svnroot/technology/org.eclipse.osee,tag=trunk,path=org.eclipse.osee.framework.messaging.event.skynet
plugin@org.eclipse.osee.framework.oracle=SVN,url=https://dev.eclipse.org/svnroot/technology/org.eclipse.osee,tag=trunk,path=org.eclipse.osee.framework.oracle
plugin@org.eclipse.osee.framework.plugin.core=SVN,url=https://dev.eclipse.org/svnroot/technology/org.eclipse.osee,tag=trunk,path=org.eclipse.osee.framework.plugin.core
plugin@org.eclipse.osee.framework.postgresql=SVN,url=https://dev.eclipse.org/svnroot/technology/org.eclipse.osee,tag=trunk,path=org.eclipse.osee.framework.postgresql
plugin@org.eclipse.osee.framework.skynet.core=SVN,url=https://dev.eclipse.org/svnroot/technology/org.eclipse.osee,tag=trunk,path=org.eclipse.osee.framework.skynet.core
plugin@org.eclipse.osee.framework.svn=SVN,url=https://dev.eclipse.org/svnroot/technology/org.eclipse.osee,tag=trunk,path=org.eclipse.osee.framework.svn
plugin@org.eclipse.osee.framework.templates=SVN,url=https://dev.eclipse.org/svnroot/technology/org.eclipse.osee,tag=trunk,path=org.eclipse.osee.framework.templates
plugin@org.eclipse.osee.framework.updater=SVN,url=https://dev.eclipse.org/svnroot/technology/org.eclipse.osee,tag=trunk,path=org.eclipse.osee.framework.updater
plugin@org.eclipse.osee.framework.database.init=SVN,url=https://dev.eclipse.org/svnroot/technology/org.eclipse.osee,tag=trunk,path=org.eclipse.osee.framework.database.init
plugin@org.eclipse.osee.framework.types=SVN,url=https://dev.eclipse.org/svnroot/technology/org.eclipse.osee,tag=trunk,path=org.eclipse.osee.framework.types
plugin@org.eclipse.osee.framework.types.edit=SVN,url=https://dev.eclipse.org/svnroot/technology/org.eclipse.osee,tag=trunk,path=org.eclipse.osee.framework.types.edit

feature@org.eclipse.osee.framework.ui.feature=SVN,url=https://dev.eclipse.org/svnroot/technology/org.eclipse.osee,tag=trunk,path=org.eclipse.osee.framework.ui.feature
plugin@org.eclipse.nebula.widgets.xviewer=SVN,url=https://dev.eclipse.org/svnroot/technology/org.eclipse.osee,tag=trunk,path=org.eclipse.nebula.widgets.xviewer
plugin@org.eclipse.osee.framework.ui.admin=SVN,url=https://dev.eclipse.org/svnroot/technology/org.eclipse.osee,tag=trunk,path=org.eclipse.osee.framework.ui.admin
plugin@org.eclipse.osee.framework.ui.branch.graph=SVN,url=https://dev.eclipse.org/svnroot/technology/org.eclipse.osee,tag=trunk,path=org.eclipse.osee.framework.ui.branch.graph
plugin@org.eclipse.osee.framework.ui.data.model.editor=SVN,url=https://dev.eclipse.org/svnroot/technology/org.eclipse.osee,tag=trunk,path=org.eclipse.osee.framework.ui.data.model.editor
plugin@org.eclipse.osee.framework.ui.jdk=SVN,url=https://dev.eclipse.org/svnroot/technology/org.eclipse.osee,tag=trunk,path=org.eclipse.osee.framework.ui.jdk
plugin@org.eclipse.osee.framework.ui.plugin=SVN,url=https://dev.eclipse.org/svnroot/technology/org.eclipse.osee,tag=trunk,path=org.eclipse.osee.framework.ui.plugin
plugin@org.eclipse.osee.framework.ui.product=SVN,url=https://dev.eclipse.org/svnroot/technology/org.eclipse.osee,tag=trunk,path=org.eclipse.osee.framework.ui.product
plugin@org.eclipse.osee.framework.ui.service.control=SVN,url=https://dev.eclipse.org/svnroot/technology/org.eclipse.osee,tag=trunk,path=org.eclipse.osee.framework.ui.service.control
plugin@org.eclipse.osee.framework.ui.skynet=SVN,url=https://dev.eclipse.org/svnroot/technology/org.eclipse.osee,tag=trunk,path=org.eclipse.osee.framework.ui.skynet
plugin@org.eclipse.osee.framework.ui.swt=SVN,url=https://dev.eclipse.org/svnroot/technology/org.eclipse.osee,tag=trunk,path=org.eclipse.osee.framework.ui.swt
plugin@org.eclipse.osee.framework.ui.workspacebundleloader=SVN,url=https://dev.eclipse.org/svnroot/technology/org.eclipse.osee,tag=trunk,path=org.eclipse.osee.framework.ui.workspacebundleloader
plugin@org.eclipse.osee.framework.help.ui=SVN,url=https://dev.eclipse.org/svnroot/technology/org.eclipse.osee,tag=trunk,path=org.eclipse.osee.framework.help.ui
plugin@org.eclipse.osee.framework.dev.help.ui=SVN,url=https://dev.eclipse.org/svnroot/technology/org.eclipse.osee,tag=trunk,path=org.eclipse.osee.framework.dev.help.ui
plugin@org.eclipse.osee.framework.types.bridge=SVN,url=https://dev.eclipse.org/svnroot/technology/org.eclipse.osee,tag=trunk,path=org.eclipse.osee.framework.types.bridge
plugin@org.eclipse.osee.framework.types.generator=SVN,url=https://dev.eclipse.org/svnroot/technology/org.eclipse.osee,tag=trunk,path=org.eclipse.osee.framework.types.generator
plugin@org.eclipse.osee.framework.types.ui=SVN,url=https://dev.eclipse.org/svnroot/technology/org.eclipse.osee,tag=trunk,path=org.eclipse.osee.framework.types.ui

feature@org.eclipse.osee.define.feature=SVN,url=https://dev.eclipse.org/svnroot/technology/org.eclipse.osee,tag=trunk,path=org.eclipse.osee.define.feature
plugin@org.eclipse.osee.define=SVN,url=https://dev.eclipse.org/svnroot/technology/org.eclipse.osee,tag=trunk,path=org.eclipse.osee.define
plugin@org.eclipse.osee.define.help.ui=SVN,url=https://dev.eclipse.org/svnroot/technology/org.eclipse.osee,tag=trunk,path=org.eclipse.osee.define.help.ui
plugin@org.eclipse.osee.coverage=SVN,url=https://dev.eclipse.org/svnroot/technology/org.eclipse.osee,tag=trunk,path=org.eclipse.osee.coverage

feature@org.eclipse.osee.ats.feature=SVN,url=https://dev.eclipse.org/svnroot/technology/org.eclipse.osee,tag=trunk,path=org.eclipse.osee.ats.feature
plugin@org.eclipse.osee.ats=SVN,url=https://dev.eclipse.org/svnroot/technology/org.eclipse.osee,tag=trunk,path=org.eclipse.osee.ats
plugin@org.eclipse.osee.ats.help.ui=SVN,url=https://dev.eclipse.org/svnroot/technology/org.eclipse.osee,tag=trunk,path=org.eclipse.osee.ats.help.ui

feature@org.eclipse.osee.demo.feature=SVN,url=https://dev.eclipse.org/svnroot/technology/org.eclipse.osee,tag=trunk,path=org.eclipse.osee.demo.feature
plugin@org.eclipse.osee.ats.config.demo=SVN,url=https://dev.eclipse.org/svnroot/technology/org.eclipse.osee,tag=trunk,path=org.eclipse.osee.ats.config.demo
plugin@org.eclipse.osee.demo.db.connection=SVN,url=https://dev.eclipse.org/svnroot/technology/org.eclipse.osee,tag=trunk,path=org.eclipse.osee.demo.db.connection
plugin@org.eclipse.osee.support.test.util=SVN,url=https://dev.eclipse.org/svnroot/technology/org.eclipse.osee,tag=trunk,path=org.eclipse.osee.support.test.util

feature@org.eclipse.osee.ote.feature=SVN,url=https://dev.eclipse.org/svnroot/technology/org.eclipse.osee,tag=trunk,path=org.eclipse.osee.ote.feature
plugin@org.eclipse.osee.ote.client=SVN,url=https://dev.eclipse.org/svnroot/technology/org.eclipse.osee,tag=trunk,path=org.eclipse.osee.ote.client
plugin@org.eclipse.osee.ote.client.msg=SVN,url=https://dev.eclipse.org/svnroot/technology/org.eclipse.osee,tag=trunk,path=org.eclipse.osee.ote.client.msg
plugin@org.eclipse.osee.ote.connection.jini=SVN,url=https://dev.eclipse.org/svnroot/technology/org.eclipse.osee,tag=trunk,path=org.eclipse.osee.ote.connection.jini
plugin@org.eclipse.osee.ote.connection.service=SVN,url=https://dev.eclipse.org/svnroot/technology/org.eclipse.osee,tag=trunk,path=org.eclipse.osee.ote.connection.service
plugin@org.eclipse.osee.ote.core=SVN,url=https://dev.eclipse.org/svnroot/technology/org.eclipse.osee,tag=trunk,path=org.eclipse.osee.ote.core
plugin@org.eclipse.osee.ote.define=SVN,url=https://dev.eclipse.org/svnroot/technology/org.eclipse.osee,tag=trunk,path=org.eclipse.osee.ote.define
plugin@org.eclipse.osee.ote.message=SVN,url=https://dev.eclipse.org/svnroot/technology/org.eclipse.osee,tag=trunk,path=org.eclipse.osee.ote.message
plugin@org.eclipse.osee.ote.messaging.dds=SVN,url=https://dev.eclipse.org/svnroot/technology/org.eclipse.osee,tag=trunk,path=org.eclipse.osee.ote.messaging.dds
plugin@org.eclipse.osee.ote.runtimeManager=SVN,url=https://dev.eclipse.org/svnroot/technology/org.eclipse.osee,tag=trunk,path=org.eclipse.osee.ote.runtimeManager
plugin@org.eclipse.osee.ote.ui=SVN,url=https://dev.eclipse.org/svnroot/technology/org.eclipse.osee,tag=trunk,path=org.eclipse.osee.ote.ui
plugin@org.eclipse.osee.ote.ui.define=SVN,url=https://dev.eclipse.org/svnroot/technology/org.eclipse.osee,tag=trunk,path=org.eclipse.osee.ote.ui.define
plugin@org.eclipse.osee.ote.ui.host.cmd=SVN,url=https://dev.eclipse.org/svnroot/technology/org.eclipse.osee,tag=trunk,path=org.eclipse.osee.ote.ui.host.cmd
plugin@org.eclipse.osee.ote.ui.markers=SVN,url=https://dev.eclipse.org/svnroot/technology/org.eclipse.osee,tag=trunk,path=org.eclipse.osee.ote.ui.markers
plugin@org.eclipse.osee.ote.ui.mux=SVN,url=https://dev.eclipse.org/svnroot/technology/org.eclipse.osee,tag=trunk,path=org.eclipse.osee.ote.ui.mux
plugin@org.eclipse.osee.ote.ui.test.manager=SVN,url=https://dev.eclipse.org/svnroot/technology/org.eclipse.osee,tag=trunk,path=org.eclipse.osee.ote.ui.test.manager

feature@org.eclipse.osee.external.feature=SVN,url=https://dev.eclipse.org/svnroot/technology/org.eclipse.osee,tag=trunk,path=org.eclipse.osee.external.feature
