feature@org.eclipse.osee.framework.server.feature=SVN,url=https://dev.eclipse.org/svnroot/technology/org.eclipse.osee,tag=trunk
plugin@org.eclipse.osee.framework.artifact.servlet=SVN,url=https://dev.eclipse.org/svnroot/technology/org.eclipse.osee,tag=trunk
plugin@org.eclipse.osee.framework.branch.management=SVN,url=https://dev.eclipse.org/svnroot/technology/org.eclipse.osee,tag=trunk
plugin@org.eclipse.osee.framework.branch.management.servlet=SVN,url=https://dev.eclipse.org/svnroot/technology/org.eclipse.osee,tag=trunk
plugin@org.eclipse.osee.framework.client.info.servlet=SVN,url=https://dev.eclipse.org/svnroot/technology/org.eclipse.osee,tag=trunk
plugin@org.eclipse.osee.framework.core=SVN,url=https://dev.eclipse.org/svnroot/technology/org.eclipse.osee,tag=trunk
plugin@org.eclipse.osee.framework.resource.locator.attribute=SVN,url=https://dev.eclipse.org/svnroot/technology/org.eclipse.osee,tag=trunk
plugin@org.eclipse.osee.framework.resource.management=SVN,url=https://dev.eclipse.org/svnroot/technology/org.eclipse.osee,tag=trunk
plugin@org.eclipse.osee.framework.resource.management.servlet=SVN,url=https://dev.eclipse.org/svnroot/technology/org.eclipse.osee,tag=trunk
plugin@org.eclipse.osee.framework.resource.provider.attribute=SVN,url=https://dev.eclipse.org/svnroot/technology/org.eclipse.osee,tag=trunk
plugin@org.eclipse.osee.framework.resource.provider.common=SVN,url=https://dev.eclipse.org/svnroot/technology/org.eclipse.osee,tag=trunk
plugin@org.eclipse.osee.framework.search.engine=SVN,url=https://dev.eclipse.org/svnroot/technology/org.eclipse.osee,tag=trunk
plugin@org.eclipse.osee.framework.search.engine.servlet=SVN,url=https://dev.eclipse.org/svnroot/technology/org.eclipse.osee,tag=trunk
plugin@org.eclipse.osee.framework.server.admin=SVN,url=https://dev.eclipse.org/svnroot/technology/org.eclipse.osee,tag=trunk
plugin@org.eclipse.osee.framework.server.lookup.servlet=SVN,url=https://dev.eclipse.org/svnroot/technology/org.eclipse.osee,tag=trunk
plugin@org.eclipse.osee.framework.session.management.servlet=SVN,url=https://dev.eclipse.org/svnroot/technology/org.eclipse.osee,tag=trunk
plugin@org.eclipse.osee.framework.core.server=SVN,url=https://dev.eclipse.org/svnroot/technology/org.eclipse.osee,tag=trunk
plugin@org.eclipse.osee.framework.db.connection=SVN,url=https://dev.eclipse.org/svnroot/technology/org.eclipse.osee,tag=trunk
plugin@org.eclipse.osee.framework.jdk.core=SVN,url=https://dev.eclipse.org/svnroot/technology/org.eclipse.osee,tag=trunk
plugin@org.eclipse.osee.framework.logging=SVN,url=https://dev.eclipse.org/svnroot/technology/org.eclipse.osee,tag=trunk
plugin@org.eclipse.osee.framework.osgi=SVN,url=https://dev.eclipse.org/svnroot/technology/org.eclipse.osee,tag=trunk
plugin@org.eclipse.osee.framework.manager.servlet=SVN,url=https://dev.eclipse.org/svnroot/technology/org.eclipse.osee,tag=trunk
plugin@org.eclipse.osee.framework.oracle=SVN,url=https://dev.eclipse.org/svnroot/technology/org.eclipse.osee,tag=trunk
plugin@org.eclipse.osee.framework.postgresql=SVN,url=https://dev.eclipse.org/svnroot/technology/org.eclipse.osee,tag=trunk

feature@org.eclipse.osee.framework.server.external.feature=SVN,url=https://dev.eclipse.org/svnroot/technology/org.eclipse.osee,tag=trunk

feature@org.eclipse.osee.master.feature=SVN,url=https://dev.eclipse.org/svnroot/technology/org.eclipse.osee,tag=trunk

feature@org.eclipse.osee.framework.feature=SVN,url=https://dev.eclipse.org/svnroot/technology/org.eclipse.osee,tag=trunk
plugin@net.jini=SVN,url=https://dev.eclipse.org/svnroot/technology/org.eclipse.osee,tag=trunk
plugin@org.eclipse.osee.framework.core=SVN,url=https://dev.eclipse.org/svnroot/technology/org.eclipse.osee,tag=trunk
plugin@org.eclipse.osee.framework.core.client=SVN,url=https://dev.eclipse.org/svnroot/technology/org.eclipse.osee,tag=trunk
plugin@org.eclipse.osee.framework.core.server=SVN,url=https://dev.eclipse.org/svnroot/technology/org.eclipse.osee,tag=trunk
plugin@org.eclipse.osee.framework.database=SVN,url=https://dev.eclipse.org/svnroot/technology/org.eclipse.osee,tag=trunk
plugin@org.eclipse.osee.framework.db.connection=SVN,url=https://dev.eclipse.org/svnroot/technology/org.eclipse.osee,tag=trunk
plugin@org.eclipse.osee.framework.derby=SVN,url=https://dev.eclipse.org/svnroot/technology/org.eclipse.osee,tag=trunk
plugin@org.eclipse.osee.framework.jdbcodbc=SVN,url=https://dev.eclipse.org/svnroot/technology/org.eclipse.osee,tag=trunk
plugin@org.eclipse.osee.framework.jdk.core=SVN,url=https://dev.eclipse.org/svnroot/technology/org.eclipse.osee,tag=trunk
plugin@org.eclipse.osee.framework.jini=SVN,url=https://dev.eclipse.org/svnroot/technology/org.eclipse.osee,tag=trunk
plugin@org.eclipse.osee.framework.logging=SVN,url=https://dev.eclipse.org/svnroot/technology/org.eclipse.osee,tag=trunk
plugin@org.eclipse.osee.framework.messaging=SVN,url=https://dev.eclipse.org/svnroot/technology/org.eclipse.osee,tag=trunk
plugin@org.eclipse.osee.framework.messaging.event.skynet=SVN,url=https://dev.eclipse.org/svnroot/technology/org.eclipse.osee,tag=trunk
plugin@org.eclipse.osee.framework.oracle=SVN,url=https://dev.eclipse.org/svnroot/technology/org.eclipse.osee,tag=trunk
plugin@org.eclipse.osee.framework.plugin.core=SVN,url=https://dev.eclipse.org/svnroot/technology/org.eclipse.osee,tag=trunk
plugin@org.eclipse.osee.framework.postgresql=SVN,url=https://dev.eclipse.org/svnroot/technology/org.eclipse.osee,tag=trunk
plugin@org.eclipse.osee.framework.skynet.core=SVN,url=https://dev.eclipse.org/svnroot/technology/org.eclipse.osee,tag=trunk
plugin@org.eclipse.osee.framework.svn=SVN,url=https://dev.eclipse.org/svnroot/technology/org.eclipse.osee,tag=trunk
plugin@org.eclipse.osee.framework.templates=SVN,url=https://dev.eclipse.org/svnroot/technology/org.eclipse.osee,tag=trunk
plugin@org.eclipse.osee.framework.updater=SVN,url=https://dev.eclipse.org/svnroot/technology/org.eclipse.osee,tag=trunk
  
feature@org.eclipse.osee.framework.ui.feature=SVN,url=https://dev.eclipse.org/svnroot/technology/org.eclipse.osee,tag=trunk
plugin@org.eclipse.nebula.widgets.calendarcombo=CVS,cvsRoot=:pserver;proxy=www-slb-proxy.boeing.com;proxyport=31060:anonymous@dev.eclipse.org:/cvsroot/technology,path=org.eclipse.swt.nebula/org.eclipse.nebula.widgets.calendarcombo,tag=HEAD
plugin@org.eclipse.nebula.widgets.xviewer=SVN,url=https://dev.eclipse.org/svnroot/technology/org.eclipse.osee,tag=trunk
plugin@org.eclipse.osee.framework.ui.admin=SVN,url=https://dev.eclipse.org/svnroot/technology/org.eclipse.osee,tag=trunk
plugin@org.eclipse.osee.framework.ui.branch.graph=SVN,url=https://dev.eclipse.org/svnroot/technology/org.eclipse.osee,tag=trunk
plugin@org.eclipse.osee.framework.ui.data.model.editor=SVN,url=https://dev.eclipse.org/svnroot/technology/org.eclipse.osee,tag=trunk
plugin@org.eclipse.osee.framework.ui.encrypter=SVN,url=https://dev.eclipse.org/svnroot/technology/org.eclipse.osee,tag=trunk
plugin@org.eclipse.osee.framework.ui.jdk=SVN,url=https://dev.eclipse.org/svnroot/technology/org.eclipse.osee,tag=trunk
plugin@org.eclipse.osee.framework.ui.plugin=SVN,url=https://dev.eclipse.org/svnroot/technology/org.eclipse.osee,tag=trunk
plugin@org.eclipse.osee.framework.ui.product=SVN,url=https://dev.eclipse.org/svnroot/technology/org.eclipse.osee,tag=trunk
plugin@org.eclipse.osee.framework.ui.security=SVN,url=https://dev.eclipse.org/svnroot/technology/org.eclipse.osee,tag=trunk
plugin@org.eclipse.osee.framework.ui.service.control=SVN,url=https://dev.eclipse.org/svnroot/technology/org.eclipse.osee,tag=trunk
plugin@org.eclipse.osee.framework.ui.skynet=SVN,url=https://dev.eclipse.org/svnroot/technology/org.eclipse.osee,tag=trunk
plugin@org.eclipse.osee.framework.ui.swt=SVN,url=https://dev.eclipse.org/svnroot/technology/org.eclipse.osee,tag=trunk
plugin@org.eclipse.osee.framework.ui.workspacebundleloader=SVN,url=https://dev.eclipse.org/svnroot/technology/org.eclipse.osee,tag=trunk

feature@org.eclipse.osee.external.feature=SVN,url=https://dev.eclipse.org/svnroot/technology/org.eclipse.osee,tag=trunk
!plugin@org.eclipse.team.svn.ui=SVN,url=https://dev.eclipse.org/svnroot/technology/org.eclipse.subversive,tag=branches/svn1.6
!plugin@org.eclipse.team.svn=SVN,url=https://dev.eclipse.org/svnroot/technology/org.eclipse.subversive,tag=branches/svn1.6
!plugin@org.eclipse.team.svn.core=SVN,url=https://dev.eclipse.org/svnroot/technology/org.eclipse.subversive,tag=branches/svn1.6
plugin@derby.driver=SVN,url=https://dev.eclipse.org/svnroot/technology/org.eclipse.osee,tag=trunk
!plugin@javax.activation=CVS,cvsRoot=:pserver;proxy=www-slb-proxy.boeing.com;proxyport=31060:anonymous@dev.eclipse.org:/cvsroot/tools,path=org.eclipse.orbit/javax.activation,tag=HEAD
!plugin@javax.mail.glassfish=CVS,cvsRoot=:pserver;proxy=www-slb-proxy.boeing.com;proxyport=31060:anonymous@dev.eclipse.org:/cvsroot/tools,path=org.eclipse.orbit/javax.mail.glassfish,tag=HEAD
!plugin@javax.servlet=CVS,cvsRoot=:pserver;proxy=www-slb-proxy.boeing.com;proxyport=31060:anonymous@dev.eclipse.org:/cvsroot/tools,path=org.eclipse.orbit/javax.servlet,tag=HEAD
! *** plugin@org.apache.commons.codec=CVS,cvsRoot=:pserver;proxy=www-slb-proxy.boeing.com;proxyport=31060:anonymous@dev.eclipse.org:/cvsroot/tools,path=org.eclipse.orbit/org.apache.commons.codec/source-bundle,tag=HEAD
!plugin@org.apache.commons.codec=GET,http://download.eclipse.org/tools/orbit/downloads/drops/R20090529135407/bundles/org.apache.commons.codec_1.3.0.v20080530-1600.jar
! *** plugin@org.apache.commons.el=CVS,cvsRoot=:pserver;proxy=www-slb-proxy.boeing.com;proxyport=31060:anonymous@dev.eclipse.org:/cvsroot/tools,path=org.eclipse.orbit/org.apache.commons.el/source-bundle,tag=HEAD
!plugin@org.apache.commons.el=GET,http://download.eclipse.org/tools/orbit/downloads/drops/R20090529135407/bundles/org.apache.commons.el_1.0.0.v200806031608.jar
! *** plugin@org.apache.commons.httpclient=CVS,cvsRoot=:pserver;proxy=www-slb-proxy.boeing.com;proxyport=31060:anonymous@dev.eclipse.org:/cvsroot/tools,path=org.eclipse.orbit/org.apache.commons.httpclient/source-bundle,tag=HEAD
!plugin@org.apache.commons.httpclient=p2IU,id=org.apache.commons.httpclient,version=3.1.0.v20080605-1935,repository=http://download.eclipse.org/tools/orbit/downloads/drops/R20090529135407/updateSite
!plugin@org.apache.commons.lang=CVS,cvsRoot=:pserver;proxy=www-slb-proxy.boeing.com;proxyport=31060:anonymous@dev.eclipse.org:/cvsroot/tools,path=org.eclipse.orbit/org.apache.commons.lang/source-bundle,tag=HEAD
!plugin@org.apache.commons.logging=CVS,cvsRoot=:pserver;proxy=www-slb-proxy.boeing.com;proxyport=31060:anonymous@dev.eclipse.org:/cvsroot/tools,path=org.eclipse.orbit/org.apache.commons.logging/source-bundle,tag=HEAD
! *** plugin@org.apache.commons.net=CVS,cvsRoot=:pserver;proxy=www-slb-proxy.boeing.com;proxyport=31060:anonymous@dev.eclipse.org:/cvsroot/tools,path=org.eclipse.orbit/org.apache.commons.net/source-bundle,tag=HEAD
!plugin@org.apache.commons.net=p2IU,id=org.apache.commons.net,version=2.0.0.v200905272248,repository=http://download.eclipse.org/tools/orbit/downloads/drops/R20090529135407/updateSite
!plugin@org.apache.oro=CVS,cvsRoot=:pserver;proxy=www-slb-proxy.boeing.com;proxyport=31060:anonymous@dev.eclipse.org:/cvsroot/tools,path=org.eclipse.orbit/org.apache.oro/source-bundle,tag=HEAD
!plugin@org.mortbay.jetty=p2IU,id=org.mortbay.jetty,version=5.1.14.v200806031611,repository=http://download.eclipse.org/tools/orbit/downloads/drops/R20090529135407/updateSite

feature@org.eclipse.osee.define.feature=SVN,url=https://dev.eclipse.org/svnroot/technology/org.eclipse.osee,tag=trunk
plugin@org.eclipse.osee.define=SVN,url=https://dev.eclipse.org/svnroot/technology/org.eclipse.osee,tag=trunk

feature@org.eclipse.osee.ats.feature=SVN,url=https://dev.eclipse.org/svnroot/technology/org.eclipse.osee,tag=trunk
plugin@org.eclipse.osee.ats=SVN,url=https://dev.eclipse.org/svnroot/technology/org.eclipse.osee,tag=trunk

feature@org.eclipse.osee.demo.feature=SVN,url=https://dev.eclipse.org/svnroot/technology/org.eclipse.osee,tag=trunk
plugin@org.eclipse.osee.ats.config.demo=SVN,url=https://dev.eclipse.org/svnroot/technology/org.eclipse.osee,tag=trunk
plugin@org.eclipse.osee.demo.db.connection=SVN,url=https://dev.eclipse.org/svnroot/technology/org.eclipse.osee,tag=trunk
plugin@org.eclipse.osee.support.test.util=SVN,url=https://dev.eclipse.org/svnroot/technology/org.eclipse.osee,tag=trunk

feature@org.eclipse.osee.ote.feature=SVN,url=https://dev.eclipse.org/svnroot/technology/org.eclipse.osee,tag=trunk
plugin@org.eclipse.osee.ote.client=SVN,url=https://dev.eclipse.org/svnroot/technology/org.eclipse.osee,tag=trunk
plugin@org.eclipse.osee.ote.client.msg=SVN,url=https://dev.eclipse.org/svnroot/technology/org.eclipse.osee,tag=trunk
plugin@org.eclipse.osee.ote.connection.jini=SVN,url=https://dev.eclipse.org/svnroot/technology/org.eclipse.osee,tag=trunk
plugin@org.eclipse.osee.ote.connection.service=SVN,url=https://dev.eclipse.org/svnroot/technology/org.eclipse.osee,tag=trunk
plugin@org.eclipse.osee.ote.core=SVN,url=https://dev.eclipse.org/svnroot/technology/org.eclipse.osee,tag=trunk
plugin@org.eclipse.osee.ote.define=SVN,url=https://dev.eclipse.org/svnroot/technology/org.eclipse.osee,tag=trunk
plugin@org.eclipse.osee.ote.message=SVN,url=https://dev.eclipse.org/svnroot/technology/org.eclipse.osee,tag=trunk
plugin@org.eclipse.osee.ote.messaging.dds=SVN,url=https://dev.eclipse.org/svnroot/technology/org.eclipse.osee,tag=trunk
plugin@org.eclipse.osee.ote.runtimeManager=SVN,url=https://dev.eclipse.org/svnroot/technology/org.eclipse.osee,tag=trunk
plugin@org.eclipse.osee.ote.ui=SVN,url=https://dev.eclipse.org/svnroot/technology/org.eclipse.osee,tag=trunk
plugin@org.eclipse.osee.ote.ui.define=SVN,url=https://dev.eclipse.org/svnroot/technology/org.eclipse.osee,tag=trunk
plugin@org.eclipse.osee.ote.ui.host.cmd=SVN,url=https://dev.eclipse.org/svnroot/technology/org.eclipse.osee,tag=trunk
plugin@org.eclipse.osee.ote.ui.markers=SVN,url=https://dev.eclipse.org/svnroot/technology/org.eclipse.osee,tag=trunk
plugin@org.eclipse.osee.ote.ui.mux=SVN,url=https://dev.eclipse.org/svnroot/technology/org.eclipse.osee,tag=trunk
plugin@org.eclipse.osee.ote.ui.test.manager=SVN,url=https://dev.eclipse.org/svnroot/technology/org.eclipse.osee,tag=trunk