feature@org.eclipse.osee.external.feature=SVN,url=https://dev.eclipse.org/svnroot/technology/org.eclipse.osee,tag=trunk,path=org.eclipse.osee.external.feature

plugin@org.apache.derby.client,10.5.1=GET,http://download.eclipse.org/tools/orbit/downloads/drops/I20091020124240//bundles/org.apache.derby.client_10.5.1.1_200910201300.jar
plugin@org.apache.derby.engine,10.5.1=GET,http://download.eclipse.org/tools/orbit/downloads/drops/I20091020124240//bundles/org.apache.derby.engine_10.5.1.1_200910201300.jar
plugin@org.apache.derby.net,10.5.1=GET,http://download.eclipse.org/tools/orbit/downloads/drops/I20091020124240//bundles/org.apache.derby.net_10.5.1.1_200910201300.jar
plugin@org.apache.derby.tools,10.5.1=GET,http://download.eclipse.org/tools/orbit/downloads/drops/I20091020124240//bundles/org.apache.derby.tools_10.5.1.1_200910201300.jar

plugin@org.apache.commons.httpclient,3.0.1=GET,http://download.eclipse.org/tools/orbit/downloads/drops/R20090529135407/bundles/org.apache.commons.httpclient_3.0.1.v20080605-1930.jar
plugin@org.apache.commons.codec,1.3.0=GET,http://download.eclipse.org/tools/orbit/downloads/drops/R20090529135407/bundles/org.apache.commons.codec_1.3.0.v20080530-1600.jar
plugin@org.apache.commons.lang,2.4.0=GET,http://download.eclipse.org/tools/orbit/downloads/drops/I20090708203931/bundles/org.apache.commons.lang_2.4.0.v20081016-1030.jar
plugin@org.apache.commons.net,1.4.1=GET,http://download.eclipse.org/tools/orbit/downloads/drops/R20090529135407/bundles/org.apache.commons.net_1.4.1.v200905122237.jar
plugin@javax.activation,1.1.0=GET,http://download.eclipse.org/tools/orbit/downloads/drops/R20090529135407/bundles/javax.activation_1.1.0.v200905021805.jar
plugin@javax.mail.glassfish,1.4.1=GET,http://download.eclipse.org/tools/orbit/downloads/drops/R20090529135407/bundles/javax.mail.glassfish_1.4.1.v200808130215.jar
plugin@org.apache.oro,2.0.8=GET,http://download.eclipse.org/tools/orbit/downloads/drops/R20090529135407/bundles/org.apache.oro_2.0.8.v200903061218.jar
plugin@com.lowagie.text,1.5.4=GET,http://download.eclipse.org/tools/orbit/downloads/drops/R20090825191606/bundles/com.lowagie.text_1.5.4.v200908052355.jar
plugin@org.apache.commons.logging,1.1.1=GET,http://download.eclipse.org/tools/orbit/downloads/drops/R20090825191606/bundles/org.apache.commons.logging_1.1.1.v200904062255.jar
plugin@javax.servlet,2.5.0=GET,http://download.eclipse.org/tools/orbit/downloads/drops/R20090825191606/bundles/javax.servlet_2.5.0.v200806031605.jar
