feature@org.eclipse.osee.framework.server.feature=SVN,url=https://dev.eclipse.org/svnroot/technology/org.eclipse.osee,tag=trunk,path=org.eclipse.osee.framework.server.feature
plugin@org.eclipse.osee.framework.artifact.servlet=SVN,url=https://dev.eclipse.org/svnroot/technology/org.eclipse.osee,tag=trunk,path=org.eclipse.osee.framework.artifact.servlet
plugin@org.eclipse.osee.framework.branch.management=SVN,url=https://dev.eclipse.org/svnroot/technology/org.eclipse.osee,tag=trunk,path=org.eclipse.osee.framework.branch.management
plugin@org.eclipse.osee.framework.branch.management.servlet=SVN,url=https://dev.eclipse.org/svnroot/technology/org.eclipse.osee,tag=trunk,path=org.eclipse.osee.framework.branch.management.servlet
plugin@org.eclipse.osee.framework.client.info.servlet=SVN,url=https://dev.eclipse.org/svnroot/technology/org.eclipse.osee,tag=trunk,path=org.eclipse.osee.framework.client.info.servlet
plugin@org.eclipse.osee.framework.core=SVN,url=https://dev.eclipse.org/svnroot/technology/org.eclipse.osee,tag=trunk,path=org.eclipse.osee.framework.core
plugin@org.eclipse.osee.framework.resource.locator.attribute=SVN,url=https://dev.eclipse.org/svnroot/technology/org.eclipse.osee,tag=trunk,path=org.eclipse.osee.framework.resource.locator.attribute
plugin@org.eclipse.osee.framework.resource.management=SVN,url=https://dev.eclipse.org/svnroot/technology/org.eclipse.osee,tag=trunk,path=org.eclipse.osee.framework.resource.management
plugin@org.eclipse.osee.framework.resource.management.servlet=SVN,url=https://dev.eclipse.org/svnroot/technology/org.eclipse.osee,tag=trunk,path=org.eclipse.osee.framework.resource.management.servlet
plugin@org.eclipse.osee.framework.resource.provider.attribute=SVN,url=https://dev.eclipse.org/svnroot/technology/org.eclipse.osee,tag=trunk,path=org.eclipse.osee.framework.resource.provider.attribute
plugin@org.eclipse.osee.framework.resource.provider.common=SVN,url=https://dev.eclipse.org/svnroot/technology/org.eclipse.osee,tag=trunk,path=org.eclipse.osee.framework.resource.provider.common
plugin@org.eclipse.osee.framework.search.engine=SVN,url=https://dev.eclipse.org/svnroot/technology/org.eclipse.osee,tag=trunk,path=org.eclipse.osee.framework.search.engine
plugin@org.eclipse.osee.framework.search.engine.servlet=SVN,url=https://dev.eclipse.org/svnroot/technology/org.eclipse.osee,tag=trunk,path=org.eclipse.osee.framework.search.engine.servlet
plugin@org.eclipse.osee.framework.server.admin=SVN,url=https://dev.eclipse.org/svnroot/technology/org.eclipse.osee,tag=trunk,path=org.eclipse.osee.framework.server.admin
plugin@org.eclipse.osee.framework.server.lookup.servlet=SVN,url=https://dev.eclipse.org/svnroot/technology/org.eclipse.osee,tag=trunk,path=org.eclipse.osee.framework.server.lookup.servlet
plugin@org.eclipse.osee.framework.session.management.servlet=SVN,url=https://dev.eclipse.org/svnroot/technology/org.eclipse.osee,tag=trunk,path=org.eclipse.osee.framework.session.management.servlet
plugin@org.eclipse.osee.framework.core.server=SVN,url=https://dev.eclipse.org/svnroot/technology/org.eclipse.osee,tag=trunk,path=org.eclipse.osee.framework.core.server
plugin@org.eclipse.osee.framework.jdk.core=SVN,url=https://dev.eclipse.org/svnroot/technology/org.eclipse.osee,tag=trunk,path=org.eclipse.osee.framework.jdk.core
plugin@org.eclipse.osee.framework.logging=SVN,url=https://dev.eclipse.org/svnroot/technology/org.eclipse.osee,tag=trunk,path=org.eclipse.osee.framework.logging
plugin@org.eclipse.osee.framework.osgi=SVN,url=https://dev.eclipse.org/svnroot/technology/org.eclipse.osee,tag=trunk,path=org.eclipse.osee.framework.osgi
plugin@org.eclipse.osee.framework.manager.servlet=SVN,url=https://dev.eclipse.org/svnroot/technology/org.eclipse.osee,tag=trunk,path=org.eclipse.osee.framework.manager.servlet
plugin@org.eclipse.osee.framework.oracle=SVN,url=https://dev.eclipse.org/svnroot/technology/org.eclipse.osee,tag=trunk,path=org.eclipse.osee.framework.oracle
plugin@org.eclipse.osee.framework.postgresql=SVN,url=https://dev.eclipse.org/svnroot/technology/org.eclipse.osee,tag=trunk,path=org.eclipse.osee.framework.postgresql

feature@org.eclipse.osee.framework.server.external.feature=SVN,url=https://dev.eclipse.org/svnroot/technology/org.eclipse.osee,tag=trunk,path=org.eclipse.osee.framework.server.external.feature
plugin@org.mortbay.jetty.server,6.1.15=GET,http://download.eclipse.org/tools/orbit/downloads/drops/R20090529135407/bundles/org.mortbay.jetty.server_6.1.15.v200905151201.jar
plugin@org.mortbay.jetty.util,6.1.15=GET,http://download.eclipse.org/tools/orbit/downloads/drops/R20090529135407/bundles/org.mortbay.jetty.util_6.1.15.v200905182336.jar

