feature@org.eclipse.osee.framework.server.feature=SVN,trunk,https://dev.eclipse.org/svnroot/technology/org.eclipse.osee,,org.eclipse.osee.framework.server.feature

plugin@org.eclipse.osee.demo.db.connection=SVN,trunk,https://dev.eclipse.org/svnroot/technology/org.eclipse.osee,,org.eclipse.osee.demo.db.connection
plugin@org.eclipse.osee.framework.branch.management=SVN,trunk,https://dev.eclipse.org/svnroot/technology/org.eclipse.osee,,org.eclipse.osee.framework.branch.management
plugin@org.eclipse.osee.framework.core=SVN,trunk,https://dev.eclipse.org/svnroot/technology/org.eclipse.osee,,org.eclipse.osee.framework.core
plugin@org.eclipse.osee.framework.core.server=SVN,trunk,https://dev.eclipse.org/svnroot/technology/org.eclipse.osee,,org.eclipse.osee.framework.core.server
plugin@org.eclipse.osee.framework.database=SVN,trunk,https://dev.eclipse.org/svnroot/technology/org.eclipse.osee,,org.eclipse.osee.framework.database
plugin@org.eclipse.osee.framework.derby=SVN,trunk,https://dev.eclipse.org/svnroot/technology/org.eclipse.osee,,org.eclipse.osee.framework.derby
plugin@org.eclipse.osee.framework.jdk.core=SVN,trunk,https://dev.eclipse.org/svnroot/technology/org.eclipse.osee,,org.eclipse.osee.framework.jdk.core
plugin@org.eclipse.osee.framework.logging=SVN,trunk,https://dev.eclipse.org/svnroot/technology/org.eclipse.osee,,org.eclipse.osee.framework.logging
plugin@org.eclipse.osee.framework.manager.servlet=SVN,trunk,https://dev.eclipse.org/svnroot/technology/org.eclipse.osee,,org.eclipse.osee.framework.manager.servlet
plugin@org.eclipse.osee.framework.resource.locator.attribute=SVN,trunk,https://dev.eclipse.org/svnroot/technology/org.eclipse.osee,,org.eclipse.osee.framework.resource.locator.attribute
plugin@org.eclipse.osee.framework.resource.management=SVN,trunk,https://dev.eclipse.org/svnroot/technology/org.eclipse.osee,,org.eclipse.osee.framework.resource.management
plugin@org.eclipse.osee.framework.resource.provider.attribute=SVN,trunk,https://dev.eclipse.org/svnroot/technology/org.eclipse.osee,,org.eclipse.osee.framework.resource.provider.attribute
plugin@org.eclipse.osee.framework.search.engine=SVN,trunk,https://dev.eclipse.org/svnroot/technology/org.eclipse.osee,,org.eclipse.osee.framework.search.engine
plugin@org.eclipse.osee.framework.server.admin=SVN,trunk,https://dev.eclipse.org/svnroot/technology/org.eclipse.osee,,org.eclipse.osee.framework.server.admin
plugin@org.eclipse.osee.framework.types=SVN,trunk,https://dev.eclipse.org/svnroot/technology/org.eclipse.osee,,org.eclipse.osee.framework.types 

feature@org.eclipse.osee.framework.server.external.feature=SVN,trunk,https://dev.eclipse.org/svnroot/technology/org.eclipse.osee,,org.eclipse.osee.framework.server.external.feature
plugin@org.mortbay.jetty.server,6.1.15=GET,http://download.eclipse.org/tools/orbit/downloads/drops/R20090529135407/bundles/org.mortbay.jetty.server_6.1.15.v200905151201.jar
plugin@org.mortbay.jetty.util,6.1.15=GET,http://download.eclipse.org/tools/orbit/downloads/drops/R20090529135407/bundles/org.mortbay.jetty.util_6.1.15.v200905182336.jar

