feature@org.eclipse.osee.client.ote.feature=SVN,,http://dev.eclipse.org/svnroot/technology/org.eclipse.osee/trunk,,features/org.eclipse.osee.client.ote.feature

plugin@org.eclipse.osee.framework.ui.workspacebundleloader=SVN,,http://dev.eclipse.org/svnroot/technology/org.eclipse.osee/trunk,,plugins/org.eclipse.osee.framework.ui.workspacebundleloader
plugin@org.eclipse.osee.ote.client=SVN,,http://dev.eclipse.org/svnroot/technology/org.eclipse.osee/trunk,,plugins/org.eclipse.osee.ote.client
plugin@org.eclipse.osee.ote.client.msg=SVN,,http://dev.eclipse.org/svnroot/technology/org.eclipse.osee/trunk,,plugins/org.eclipse.osee.ote.client.msg
plugin@org.eclipse.osee.ote.connection.jini=SVN,,http://dev.eclipse.org/svnroot/technology/org.eclipse.osee/trunk,,plugins/org.eclipse.osee.ote.connection.jini
plugin@org.eclipse.osee.ote.connection.service=SVN,,http://dev.eclipse.org/svnroot/technology/org.eclipse.osee/trunk,,plugins/org.eclipse.osee.ote.connection.service
plugin@org.eclipse.osee.ote.server=SVN,,http://dev.eclipse.org/svnroot/technology/org.eclipse.osee/trunk,,plugins/org.eclipse.osee.ote.server
plugin@org.eclipse.osee.ote.core=SVN,,http://dev.eclipse.org/svnroot/technology/org.eclipse.osee/trunk,,plugins/org.eclipse.osee.ote.core
plugin@org.eclipse.osee.ote.message=SVN,,http://dev.eclipse.org/svnroot/technology/org.eclipse.osee/trunk,,plugins/org.eclipse.osee.ote.message
plugin@org.eclipse.osee.ote.messaging.dds=SVN,,http://dev.eclipse.org/svnroot/technology/org.eclipse.osee/trunk,,plugins/org.eclipse.osee.ote.messaging.dds
plugin@org.eclipse.osee.ote.runtimeManager=SVN,,http://dev.eclipse.org/svnroot/technology/org.eclipse.osee/trunk,,plugins/org.eclipse.osee.ote.runtimeManager
plugin@org.eclipse.osee.ote.ui=SVN,,http://dev.eclipse.org/svnroot/technology/org.eclipse.osee/trunk,,plugins/org.eclipse.osee.ote.ui
plugin@org.eclipse.osee.ote.ui.host.cmd=SVN,,http://dev.eclipse.org/svnroot/technology/org.eclipse.osee/trunk,,plugins/org.eclipse.osee.ote.ui.host.cmd
plugin@org.eclipse.osee.ote.ui.markers=SVN,,http://dev.eclipse.org/svnroot/technology/org.eclipse.osee/trunk,,plugins/org.eclipse.osee.ote.ui.markers
plugin@org.eclipse.osee.ote.ui.message=SVN,,http://dev.eclipse.org/svnroot/technology/org.eclipse.osee/trunk,,plugins/org.eclipse.osee.ote.ui.message
plugin@org.eclipse.osee.ote.ui.message.util=SVN,,http://dev.eclipse.org/svnroot/technology/org.eclipse.osee/trunk,,plugins/org.eclipse.osee.ote.ui.message.util
plugin@org.eclipse.osee.ote.ui.mux=SVN,,http://dev.eclipse.org/svnroot/technology/org.eclipse.osee/trunk,,plugins/org.eclipse.osee.ote.ui.mux
plugin@org.eclipse.osee.ote.ui.test.manager=SVN,,http://dev.eclipse.org/svnroot/technology/org.eclipse.osee/trunk,,plugins/org.eclipse.osee.ote.ui.test.manager
