feature@org.eclipse.osee.server.feature=SVN,url=http://dev.eclipse.org/svnroot/technology/org.eclipse.osee,tag=trunk,path=features/org.eclipse.osee.server.feature

feature@org.eclipse.osee.framework.server.feature=SVN,url=http://dev.eclipse.org/svnroot/technology/org.eclipse.osee,tag=trunk,path=features/org.eclipse.osee.framework.server.feature
plugin@org.eclipse.osee.demo.db.connection=SVN,url=http://dev.eclipse.org/svnroot/technology/org.eclipse.osee,tag=trunk,path=plugins/org.eclipse.osee.demo.db.connection
plugin@org.eclipse.osee.framework.branch.management=SVN,url=http://dev.eclipse.org/svnroot/technology/org.eclipse.osee,tag=trunk,path=plugins/org.eclipse.osee.framework.branch.management
plugin@org.eclipse.osee.framework.core.server=SVN,url=http://dev.eclipse.org/svnroot/technology/org.eclipse.osee,tag=trunk,path=plugins/org.eclipse.osee.framework.core.server
plugin@org.eclipse.osee.framework.database=SVN,url=http://dev.eclipse.org/svnroot/technology/org.eclipse.osee,tag=trunk,path=plugins/org.eclipse.osee.framework.database
plugin@org.eclipse.osee.framework.derby=SVN,url=http://dev.eclipse.org/svnroot/technology/org.eclipse.osee,tag=trunk,path=plugins/org.eclipse.osee.framework.derby
plugin@org.eclipse.osee.framework.manager.servlet=SVN,url=http://dev.eclipse.org/svnroot/technology/org.eclipse.osee,tag=trunk,path=plugins/org.eclipse.osee.framework.manager.servlet
plugin@org.eclipse.osee.framework.resource.locator.attribute=SVN,url=http://dev.eclipse.org/svnroot/technology/org.eclipse.osee,tag=trunk,path=plugins/org.eclipse.osee.framework.resource.locator.attribute
plugin@org.eclipse.osee.framework.resource.management=SVN,url=http://dev.eclipse.org/svnroot/technology/org.eclipse.osee,tag=trunk,path=plugins/org.eclipse.osee.framework.resource.management
plugin@org.eclipse.osee.framework.resource.provider.attribute=SVN,url=http://dev.eclipse.org/svnroot/technology/org.eclipse.osee,tag=trunk,path=plugins/org.eclipse.osee.framework.resource.provider.attribute
plugin@org.eclipse.osee.framework.search.engine=SVN,url=http://dev.eclipse.org/svnroot/technology/org.eclipse.osee,tag=trunk,path=plugins/org.eclipse.osee.framework.search.engine
plugin@org.eclipse.osee.framework.server.admin=SVN,url=http://dev.eclipse.org/svnroot/technology/org.eclipse.osee,tag=trunk,path=plugins/org.eclipse.osee.framework.server.admin
plugin@org.eclipse.osee.framework.types=SVN,url=http://dev.eclipse.org/svnroot/technology/org.eclipse.osee,tag=trunk,path=plugins/org.eclipse.osee.framework.types 

feature@org.eclipse.osee.core.feature=SVN,url=http://dev.eclipse.org/svnroot/technology/org.eclipse.osee,tag=trunk,path=features/org.eclipse.osee.core.feature
plugin@org.eclipse.osee.framework.core=SVN,url=http://dev.eclipse.org/svnroot/technology/org.eclipse.osee,tag=trunk,path=plugins/org.eclipse.osee.framework.core
plugin@org.eclipse.osee.framework.jdk.core=SVN,url=http://dev.eclipse.org/svnroot/technology/org.eclipse.osee,tag=trunk,path=plugins/org.eclipse.osee.framework.jdk.core
plugin@org.eclipse.osee.framework.logging=SVN,url=http://dev.eclipse.org/svnroot/technology/org.eclipse.osee,tag=trunk,path=plugins/org.eclipse.osee.framework.logging
