feature@org.eclipse.osee.server.feature=SVN,trunk,http://dev.eclipse.org/svnroot/technology/org.eclipse.osee,,features/org.eclipse.osee.server.feature

feature@org.eclipse.osee.framework.server.feature=SVN,trunk,http://dev.eclipse.org/svnroot/technology/org.eclipse.osee,,features/org.eclipse.osee.framework.server.feature
plugin@org.eclipse.osee.demo.db.connection=SVN,trunk,http://dev.eclipse.org/svnroot/technology/org.eclipse.osee,,plugins/org.eclipse.osee.demo.db.connection
plugin@org.eclipse.osee.framework.branch.management=SVN,trunk,http://dev.eclipse.org/svnroot/technology/org.eclipse.osee,,plugins/org.eclipse.osee.framework.branch.management
plugin@org.eclipse.osee.framework.core=SVN,trunk,http://dev.eclipse.org/svnroot/technology/org.eclipse.osee,,plugins/org.eclipse.osee.framework.core
plugin@org.eclipse.osee.framework.core.server=SVN,trunk,http://dev.eclipse.org/svnroot/technology/org.eclipse.osee,,plugins/org.eclipse.osee.framework.core.server
plugin@org.eclipse.osee.framework.database=SVN,trunk,http://dev.eclipse.org/svnroot/technology/org.eclipse.osee,,plugins/org.eclipse.osee.framework.database
plugin@org.eclipse.osee.framework.derby=SVN,trunk,http://dev.eclipse.org/svnroot/technology/org.eclipse.osee,,plugins/org.eclipse.osee.framework.derby
plugin@org.eclipse.osee.framework.jdk.core=SVN,trunk,http://dev.eclipse.org/svnroot/technology/org.eclipse.osee,,plugins/org.eclipse.osee.framework.jdk.core
plugin@org.eclipse.osee.framework.logging=SVN,trunk,http://dev.eclipse.org/svnroot/technology/org.eclipse.osee,,plugins/org.eclipse.osee.framework.logging
plugin@org.eclipse.osee.framework.manager.servlet=SVN,trunk,http://dev.eclipse.org/svnroot/technology/org.eclipse.osee,,plugins/org.eclipse.osee.framework.manager.servlet
plugin@org.eclipse.osee.framework.resource.locator.attribute=SVN,trunk,http://dev.eclipse.org/svnroot/technology/org.eclipse.osee,,plugins/org.eclipse.osee.framework.resource.locator.attribute
plugin@org.eclipse.osee.framework.resource.management=SVN,trunk,http://dev.eclipse.org/svnroot/technology/org.eclipse.osee,,plugins/org.eclipse.osee.framework.resource.management
plugin@org.eclipse.osee.framework.resource.provider.attribute=SVN,trunk,http://dev.eclipse.org/svnroot/technology/org.eclipse.osee,,plugins/org.eclipse.osee.framework.resource.provider.attribute
plugin@org.eclipse.osee.framework.search.engine=SVN,trunk,http://dev.eclipse.org/svnroot/technology/org.eclipse.osee,,plugins/org.eclipse.osee.framework.search.engine
plugin@org.eclipse.osee.framework.server.admin=SVN,trunk,http://dev.eclipse.org/svnroot/technology/org.eclipse.osee,,plugins/org.eclipse.osee.framework.server.admin
plugin@org.eclipse.osee.framework.types=SVN,trunk,http://dev.eclipse.org/svnroot/technology/org.eclipse.osee,,plugins/org.eclipse.osee.framework.types 
