feature@org.eclipse.osee.server.feature=SVN,,http://dev.eclipse.org/svnroot/technology/org.eclipse.osee/trunk,,features/org.eclipse.osee.server.feature

feature@org.eclipse.osee.framework.server.feature=SVN,,http://dev.eclipse.org/svnroot/technology/org.eclipse.osee/trunk,,features/org.eclipse.osee.framework.server.feature
plugin@org.eclipse.osee.demo.db.connection=SVN,,http://dev.eclipse.org/svnroot/technology/org.eclipse.osee/trunk,,plugins/org.eclipse.osee.demo.db.connection
plugin@org.eclipse.osee.framework.branch.management=SVN,,http://dev.eclipse.org/svnroot/technology/org.eclipse.osee/trunk,,plugins/org.eclipse.osee.framework.branch.management
plugin@org.eclipse.osee.framework.core.server=SVN,,http://dev.eclipse.org/svnroot/technology/org.eclipse.osee/trunk,,plugins/org.eclipse.osee.framework.core.server
plugin@org.eclipse.osee.framework.database=SVN,,http://dev.eclipse.org/svnroot/technology/org.eclipse.osee/trunk,,plugins/org.eclipse.osee.framework.database
plugin@org.eclipse.osee.framework.derby=SVN,,http://dev.eclipse.org/svnroot/technology/org.eclipse.osee/trunk,,plugins/org.eclipse.osee.framework.derby
plugin@org.eclipse.osee.framework.manager.servlet=SVN,,http://dev.eclipse.org/svnroot/technology/org.eclipse.osee/trunk,,plugins/org.eclipse.osee.framework.manager.servlet
plugin@org.eclipse.osee.framework.resource.locator.attribute=SVN,,http://dev.eclipse.org/svnroot/technology/org.eclipse.osee/trunk,,plugins/org.eclipse.osee.framework.resource.locator.attribute
plugin@org.eclipse.osee.framework.resource.management=SVN,,http://dev.eclipse.org/svnroot/technology/org.eclipse.osee/trunk,,plugins/org.eclipse.osee.framework.resource.management
plugin@org.eclipse.osee.framework.resource.provider.attribute=SVN,,http://dev.eclipse.org/svnroot/technology/org.eclipse.osee/trunk,,plugins/org.eclipse.osee.framework.resource.provider.attribute
plugin@org.eclipse.osee.framework.search.engine=SVN,,http://dev.eclipse.org/svnroot/technology/org.eclipse.osee/trunk,,plugins/org.eclipse.osee.framework.search.engine
plugin@org.eclipse.osee.framework.server.admin=SVN,,http://dev.eclipse.org/svnroot/technology/org.eclipse.osee/trunk,,plugins/org.eclipse.osee.framework.server.admin
plugin@org.eclipse.osee.framework.types=SVN,,http://dev.eclipse.org/svnroot/technology/org.eclipse.osee/trunk,,plugins/org.eclipse.osee.framework.types 

feature@org.eclipse.osee.core.feature=SVN,,http://dev.eclipse.org/svnroot/technology/org.eclipse.osee/trunk,,features/org.eclipse.osee.core.feature
plugin@org.eclipse.osee.framework.core=SVN,,http://dev.eclipse.org/svnroot/technology/org.eclipse.osee/trunk,,plugins/org.eclipse.osee.framework.core
plugin@org.eclipse.osee.framework.jdk.core=SVN,,http://dev.eclipse.org/svnroot/technology/org.eclipse.osee/trunk,,plugins/org.eclipse.osee.framework.jdk.core
plugin@org.eclipse.osee.framework.logging=SVN,,http://dev.eclipse.org/svnroot/technology/org.eclipse.osee/trunk,,plugins/org.eclipse.osee.framework.logging
